Warning: You are sending unauthenticated requests to the HF Hub. Please set a HF_TOKEN to enable higher rate limits and faster downloads.
Loading weights:   0%|          | 0/103 [00:00<?, ?it/s]Loading weights: 100%|██████████| 103/103 [00:00<00:00, 8942.34it/s]
Per-axis fit field and self-separability:
  axis            fit_field     self_AUC
  --------------------------------------
  harm            response         0.840
  hallucination   response         0.903
  jailbreak       response         0.945
  privacy         response         0.966

4-way benchmark-of-origin recoverability from trait coords:
  chance balanced accuracy : 0.250
  raw coords balanced acc  : 0.467

Per-benchmark recall (raw coords; low = collides with others):
  harm               0.717
  hallucination      0.898
  jailbreak          0.071
  privacy            0.184

Score -> coordinate leak matrix (AUC; rows=benchmark labels, cols=coords):
                             harm  hallucination      jailbreak        privacy
  harm                      0.778          0.537          0.583          0.601
  hallucination             0.500          0.500          0.500          0.500
  jailbreak                 0.626          0.512          0.960          0.399
  privacy                   0.585          0.571          0.560          0.810

Benchmark coordinate-overlap matrix (histogram intersection in all axes):
                             harm  hallucination      jailbreak        privacy
  harm                      1.000          0.351          0.485          0.295
  hallucination             0.351          1.000          0.591          0.432
  jailbreak                 0.485          0.591          1.000          0.644
  privacy                   0.295          0.432          0.644          1.000

Subspace residual of each axis vs the span of the others:
  axis              resid_norm   cos_to_span
  ------------------------------------------
  harm                   0.996         0.087
  hallucination          0.998         0.068
  jailbreak              0.997         0.074
  privacy                0.994         0.108
  (resid_norm -> 0 means the axis adds no independent direction)

Nonlinear (RBF random-feature) origin recoverability:
  linear raw bal acc    : 0.467
  nonlinear bal acc     : 0.422
  nonlinear lift        : -0.045  -> no nonlinear lift: axes inseparable at this representation

wrote scripts/figures/axis_confusability.{pdf,png}
